[    0.000000] Initializing cgroup subsys cpuset
[    0.000000] Initializing cgroup subsys cpu
[    0.000000] Initializing cgroup subsys cpuacct
[    0.000000] Linux version 4.4.0-64-generic (buildd@lcy01-34) (gcc version 5.4.0 20160609 (Ubuntu 5.4.0-6ubuntu1~16.04.4) ) #85-Ubuntu SMP Mon Feb 20 11:49:39 UTC 2017 (Ubuntu 4.4.0-64.85-generic 4.4.44)
[    0.000000] KERNEL supported cpus:
[    0.000000]   Intel GenuineIntel
[    0.000000]   AMD AuthenticAMD
[    0.000000]   NSC Geode by NSC
[    0.000000]   Cyrix CyrixInstead
[    0.000000]   Centaur CentaurHauls
[    0.000000]   Transmeta GenuineTMx86
[    0.000000]   Transmeta TransmetaCPU
[    0.000000]   UMC UMC UMC UMC
[    0.000000] x86/fpu: xstate_offset[2]:  576, xstate_sizes[2]:  256
[    0.000000] x86/fpu: Supporting XSAVE feature 0x01: 'x87 floating point registers'
[    0.000000] x86/fpu: Supporting XSAVE feature 0x02: 'SSE registers'
[    0.000000] x86/fpu: Supporting XSAVE feature 0x04: 'AVX registers'
[    0.000000] x86/fpu: Enabled xstate features 0x7, context size is 832 bytes, using 'standard' format.
[    0.000000] x86/fpu: Using 'lazy' FPU context switches.
[    0.000000] e820: BIOS-provided physical RAM map:
[    0.000000] BIOS-e820: [mem 0x0000000000000000-0x000000000009fbff] usable
[    0.000000] BIOS-e820: [mem 0x000000000009fc00-0x000000000009ffff] reserved
[    0.000000] BIOS-e820: [mem 0x00000000000f0000-0x00000000000fffff] reserved
[    0.000000] BIOS-e820: [mem 0x0000000000100000-0x000000003ffeffff] usable
[    0.000000] BIOS-e820: [mem 0x000000003fff0000-0x000000003fffffff] ACPI data
[    0.000000] BIOS-e820: [mem 0x00000000fec00000-0x00000000fec00fff] reserved
[    0.000000] BIOS-e820: [mem 0x00000000fee00000-0x00000000fee00fff] reserved
[    0.000000] BIOS-e820: [mem 0x00000000fffc0000-0x00000000ffffffff] reserved
[    0.000000] NX (Execute Disable) protection: active
[    0.000000] SMBIOS 2.5 present.
[    0.000000] Hypervisor detected: KVM
[    0.000000] e820: last_pfn = 0x3fff0 max_arch_pfn = 0x1000000
[    0.000000] MTRR: Disabled
[    0.000000] x86/PAT: MTRRs disabled, skipping PAT initialization too.
[    0.000000] x86/PAT: Configuration [0-7]: WB  WT  UC- UC  WB  WT  UC- UC  
[    0.000000] CPU MTRRs all blank - virtualized system.
[    0.000000] found SMP MP-table at [mem 0x0009fff0-0x0009ffff] mapped at [c009fff0]
[    0.000000] Scanning 1 areas for low memory corruption
[    0.000000] RAMDISK: [mem 0x36360000-0x371a7fff]
[    0.000000] ACPI: Early table checksum verification disabled
[    0.000000] ACPI: RSDP 0x00000000000E0000 000024 (v02 VBOX  )
[    0.000000] ACPI: XSDT 0x000000003FFF0030 00003C (v01 VBOX   VBOXXSDT 00000001 ASL  00000061)
[    0.000000] ACPI: FACP 0x000000003FFF00F0 0000F4 (v04 VBOX   VBOXFACP 00000001 ASL  00000061)
[    0.000000] ACPI: DSDT 0x000000003FFF0470 00210F (v01 VBOX   VBOXBIOS 00000002 INTL 20100528)
[    0.000000] ACPI: FACS 0x000000003FFF0200 000040
[    0.000000] ACPI: FACS 0x000000003FFF0200 000040
[    0.000000] ACPI: APIC 0x000000003FFF0240 00005C (v02 VBOX   VBOXAPIC 00000001 ASL  00000061)
[    0.000000] ACPI: SSDT 0x000000003FFF02A0 0001CC (v01 VBOX   VBOXCPUT 00000002 INTL 20100528)
[    0.000000] 131MB HIGHMEM available.
[    0.000000] 891MB LOWMEM available.
[    0.000000]   mapped low ram: 0 - 37bfe000
[    0.000000]   low ram: 0 - 37bfe000
[    0.000000] kvm-clock: Using msrs 4b564d01 and 4b564d00
[    0.000000] kvm-clock: cpu 0, msr 0:37bfd001, primary cpu clock
[    0.000000] kvm-clock: using sched offset of 3255055348 cycles
[    0.000000] clocksource: kvm-clock: mask: 0xffffffffffffffff max_cycles: 0x1cd42e4dffb, max_idle_ns: 881590591483 ns
[    0.000000] Zone ranges:
[    0.000000]   DMA      [mem 0x0000000000001000-0x0000000000ffffff]
[    0.000000]   Normal   [mem 0x0000000001000000-0x0000000037bfdfff]
[    0.000000]   HighMem  [mem 0x0000000037bfe000-0x000000003ffeffff]
[    0.000000] Movable zone start for each node
[    0.000000] Early memory node ranges
[    0.000000]   node   0: [mem 0x0000000000001000-0x000000000009efff]
[    0.000000]   node   0: [mem 0x0000000000100000-0x000000003ffeffff]
[    0.000000] Initmem setup node 0 [mem 0x0000000000001000-0x000000003ffeffff]
[    0.000000] Using APIC driver default
[    0.000000] ACPI: PM-Timer IO Port: 0x4008
[    0.000000] IOAPIC[0]: apic_id 2, version 32, address 0xfec00000, GSI 0-23
[    0.000000] ACPI: INT_SRC_OVR (bus 0 bus_irq 0 global_irq 2 dfl dfl)
[    0.000000] ACPI: INT_SRC_OVR (bus 0 bus_irq 9 global_irq 9 high level)
[    0.000000] Using ACPI (MADT) for SMP configuration information
[    0.000000] smpboot: Allowing 2 CPUs, 0 hotplug CPUs
[    0.000000] PM: Registered nosave memory: [mem 0x00000000-0x00000fff]
[    0.000000] PM: Registered nosave memory: [mem 0x0009f000-0x0009ffff]
[    0.000000] PM: Registered nosave memory: [mem 0x000a0000-0x000effff]
[    0.000000] PM: Registered nosave memory: [mem 0x000f0000-0x000fffff]
[    0.000000] e820: [mem 0x40000000-0xfebfffff] available for PCI devices
[    0.000000] Booting paravirtualized kernel on KVM
[    0.000000] clocksource: refined-jiffies: mask: 0xffffffff max_cycles: 0xffffffff, max_idle_ns: 7645519600211568 ns
[    0.000000] setup_percpu: NR_CPUS:8 nr_cpumask_bits:8 nr_cpu_ids:2 nr_node_ids:1
[    0.000000] PERCPU: Embedded 19 pages/cpu @f71b0000 s47436 r0 d30388 u77824
[    0.000000] PV qspinlock hash table entries: 512 (order: 0, 4096 bytes)
[    0.000000] Built 1 zonelists in Zone order, mobility grouping on.  Total pages: 259800
[    0.000000] Kernel command line: BOOT_IMAGE=/boot/vmlinuz-4.4.0-64-generic root=UUID=51c5cf2e-3afd-4d38-a695-6d0b43c15355 ro console=tty1 console=ttyS0
[    0.000000] PID hash table entries: 4096 (order: 2, 16384 bytes)
[    0.000000] Dentry cache hash table entries: 131072 (order: 7, 524288 bytes)
[    0.000000] Inode-cache hash table entries: 65536 (order: 6, 262144 bytes)
[    0.000000] Initializing CPU#0
[    0.000000] Initializing HighMem for node 0 (00037bfe:0003fff0)
[    0.000000] Initializing Movable for node 0 (00000000:00000000)
[    0.000000] Memory: 1008340K/1048120K available (7932K kernel code, 766K rwdata, 3164K rodata, 944K init, 800K bss, 39780K reserved, 0K cma-reserved, 135112K highmem)
[    0.000000] virtual kernel memory layout:
[    0.000000]     fixmap  : 0xfff15000 - 0xfffff000   ( 936 kB)
[    0.000000]     pkmap   : 0xffc00000 - 0xffe00000   (2048 kB)
[    0.000000]     vmalloc : 0xf83fe000 - 0xffbfe000   ( 120 MB)
[    0.000000]     lowmem  : 0xc0000000 - 0xf7bfe000   ( 891 MB)
[    0.000000]       .init : 0xc1b99000 - 0xc1c85000   ( 944 kB)
[    0.000000]       .data : 0xc17bf6cb - 0xc1b97a80   (3936 kB)
[    0.000000]       .text : 0xc1000000 - 0xc17bf6cb   (7933 kB)
[    0.000000] Checking if this processor honours the WP bit even in supervisor mode...Ok.
[    0.000000] SLUB: HWalign=64, Order=0-3, MinObjects=0, CPUs=2, Nodes=1
[    0.000000] Hierarchical RCU implementation.
[    0.000000] 	Build-time adjustment of leaf fanout to 32.
[    0.000000] 	RCU restricting CPUs from NR_CPUS=8 to nr_cpu_ids=2.
[    0.000000] RCU: Adjusting geometry for rcu_fanout_leaf=32, nr_cpu_ids=2
[    0.000000] NR_IRQS:2304 nr_irqs:440 16
[    0.000000] Console: colour VGA+ 80x25
[    0.000000] console [tty1] enabled
[    0.000000] console [ttyS0] enabled
[    0.000000] allocated 1048576 bytes of page_ext
[    0.000000] tsc: Detected 2899.998 MHz processor
[    1.643438] Calibrating delay loop (skipped) preset value.. 5799.99 BogoMIPS (lpj=11599992)
[    1.660182] pid_max: default: 32768 minimum: 301
[    1.669288] ACPI: Core revision 20150930
[    1.673097] ACPI: 2 ACPI AML tables successfully acquired and loaded
[    1.759202] Security Framework initialized
[    1.795444] Yama: becoming mindful.
[    1.853526] AppArmor: AppArmor initialized
[    1.875723] Mount-cache hash table entries: 2048 (order: 1, 8192 bytes)
[    1.877001] Mountpoint-cache hash table entries: 2048 (order: 1, 8192 bytes)
[    1.878366] Initializing cgroup subsys io
[    1.879062] Initializing cgroup subsys memory
[    1.879794] Initializing cgroup subsys devices
[    1.917798] Initializing cgroup subsys freezer
[    1.918771] Initializing cgroup subsys net_cls
[    1.919858] Initializing cgroup subsys perf_event
[    1.921089] Initializing cgroup subsys net_prio
[    1.922451] Initializing cgroup subsys hugetlb
[    1.936950] Initializing cgroup subsys pids
[    1.937986] CPU: Physical Processor ID: 0
[    1.939136] CPU: Processor Core ID: 0
[    1.960494] mce: CPU supports 0 MCE banks
[    1.961372] Last level iTLB entries: 4KB 64, 2MB 8, 4MB 8
[    1.962441] Last level dTLB entries: 4KB 64, 2MB 0, 4MB 0, 1GB 4
[    1.998359] Freeing SMP alternatives memory: 28K (c1c85000 - c1c8c000)
[    2.026629] ftrace: allocating 31408 entries in 62 pages
[    2.119581] smpboot: APIC(0) Converting physical 0 to logical package 0
[    2.166193] smpboot: Max logical packages: 1
[    2.227406] Enabling APIC mode:  Flat.  Using 1 I/O APICs
[    2.266627] ..TIMER: vector=0x30 apic1=0 pin1=2 apic2=-1 pin2=-1
[    2.430001] smpboot: CPU0: Intel(R) Core(TM) i5-5287U CPU @ 2.90GHz (family: 0x6, model: 0x3d, stepping: 0x4)
[    2.558661] Performance Events: unsupported p6 CPU model 61 no PMU driver, software events only.
[    2.596399] KVM setup paravirtual spinlock
[    2.617716] x86: Booting SMP configuration:
[    2.646712] .... node  #0, CPUs:      #1
[1266874886.454496] Initializing CPU#1
[    2.650674] kvm-clock: cpu 1, msr 0:37bfd041, secondary cpu clock
[    2.660178] mce: CPU supports 0 MCE banks
[    2.664730] x86: Booted up 1 node, 2 CPUs
[    2.691467] smpboot: Total of 2 processors activated (11599.99 BogoMIPS)
[    2.734132] devtmpfs: initialized
[    2.765139] evm: security.selinux
[    2.800915] evm: security.SMACK64
[    2.837700] evm: security.SMACK64EXEC
[    2.867938] evm: security.SMACK64TRANSMUTE
[    2.917592] evm: security.SMACK64MMAP
[    2.950154] evm: security.ima
[    2.975773] evm: security.capability
[    2.990762] clocksource: jiffies: mask: 0xffffffff max_cycles: 0xffffffff, max_idle_ns: 7645041785100000 ns
[    3.086642] pinctrl core: initialized pinctrl subsystem
[    3.135488] RTC time:  5:39:53, date: 03/02/17
[    3.184665] NET: Registered protocol family 16
[    3.232188] EISA bus registered
[    3.274660] cpuidle: using governor ladder
[    3.330915] cpuidle: using governor menu
[    3.350733] PCCT header not found.
[    3.353875] ACPI: bus type PCI registered
[    3.356156] acpiphp: ACPI Hot Plug PCI Controller Driver version: 0.5
[    3.380050] PCI : PCI BIOS area is rw and x. Use pci=nobios if you want it NX.
[    3.409827] PCI: PCI BIOS revision 2.10 entry at 0xfda26, last bus=0
[    3.431407] PCI: Using configuration type 1 for base access
[    3.459226] ACPI: Added _OSI(Module Device)
[    3.499632] ACPI: Added _OSI(Processor Device)
[    3.547604] ACPI: Added _OSI(3.0 _SCP Extensions)
[    3.582251] ACPI: Added _OSI(Processor Aggregator Device)
[    3.619768] ACPI: Executed 1 blocks of module-level executable AML code
[    3.623949] ACPI: Interpreter enabled
[    3.624764] ACPI: (supports S0 S5)
[    3.645728] ACPI: Using IOAPIC for interrupt routing
[    3.679174] PCI: Using host bridge windows from ACPI; if necessary, use "pci=nocrs" and report a bug
[    3.770053] ACPI: PCI Root Bridge [PCI0] (domain 0000 [bus 00-ff])
[    3.822492] acpi PNP0A03:00: _OSC: OS supports [ASPM ClockPM Segments MSI]
[    3.895136] acpi PNP0A03:00: _OSC failed (AE_NOT_FOUND); disabling ASPM
[    3.945472] acpi PNP0A03:00: fail to add MMCONFIG information, can't access extended PCI configuration space under this bridge.
[    4.061859] PCI host bridge to bus 0000:00
[    4.109297] pci_bus 0000:00: root bus resource [io  0x0000-0x0cf7 window]
[    4.166365] pci_bus 0000:00: root bus resource [io  0x0d00-0xffff window]
[    4.233003] pci_bus 0000:00: root bus resource [mem 0x000a0000-0x000bffff window]
[    4.280439] pci_bus 0000:00: root bus resource [mem 0x40000000-0xffdfffff window]
[    4.342124] pci_bus 0000:00: root bus resource [bus 00-ff]
[    4.387124] pci 0000:00:01.1: legacy IDE quirk: reg 0x10: [io  0x01f0-0x01f7]
[    4.446111] pci 0000:00:01.1: legacy IDE quirk: reg 0x14: [io  0x03f6]
[    4.449917] pci 0000:00:01.1: legacy IDE quirk: reg 0x18: [io  0x0170-0x0177]
[    4.471828] pci 0000:00:01.1: legacy IDE quirk: reg 0x1c: [io  0x0376]
[    4.528223] pci 0000:00:07.0: quirk: [io  0x4000-0x403f] claimed by PIIX4 ACPI
[    4.607010] pci 0000:00:07.0: quirk: [io  0x4100-0x410f] claimed by PIIX4 SMB
[    4.665816] ACPI: PCI Interrupt Link [LNKA] (IRQs 5 9 10 *11)
[    4.721676] ACPI: PCI Interrupt Link [LNKB] (IRQs 5 9 10 *11)
[    4.723304] ACPI: PCI Interrupt Link [LNKC] (IRQs 5 9 *10 11)
[    4.790990] ACPI: PCI Interrupt Link [LNKD] (IRQs 5 *9 10 11)
[    4.843517] ACPI: Enabled 2 GPEs in block 00 to 07
[    4.879298] vgaarb: setting as boot device: PCI:0000:00:02.0
[    4.934957] vgaarb: device added: PCI:0000:00:02.0,decodes=io+mem,owns=io+mem,locks=none
[    5.021558] vgaarb: loaded
[    5.061703] vgaarb: bridge control possible 0000:00:02.0
[    5.120773] SCSI subsystem initialized
[    5.149441] ACPI: bus type USB registered
[    5.193776] usbcore: registered new interface driver usbfs
[    5.244917] usbcore: registered new interface driver hub
[    5.299328] usbcore: registered new device driver usb
[    5.359291] PCI: Using ACPI for IRQ routing
[    5.379355] NetLabel: Initializing
[    5.405663] NetLabel:  domain hash size = 128
[    5.459014] NetLabel:  protocols = UNLABELED CIPSOv4
[    5.509894] NetLabel:  unlabeled traffic allowed by default
[    5.539714] amd_nb: Cannot enumerate AMD northbridges
[    5.540917] clocksource: Switched to clocksource kvm-clock
[    5.558066] AppArmor: AppArmor Filesystem Enabled
[    5.609252] pnp: PnP ACPI init
[    5.638194] pnp: PnP ACPI: found 3 devices
[    5.662611] PnPBIOS: Disabled by ACPI PNP
[    5.719936] clocksource: acpi_pm: mask: 0xffffff max_cycles: 0xffffff, max_idle_ns: 2085701024 ns
[    5.780557] NET: Registered protocol family 2
[    5.831701] TCP established hash table entries: 8192 (order: 3, 32768 bytes)
[    5.975161] TCP bind hash table entries: 8192 (order: 4, 65536 bytes)
[    6.099835] TCP: Hash tables configured (established 8192 bind 8192)
[    6.169231] UDP hash table entries: 512 (order: 2, 16384 bytes)
[    6.251627] UDP-Lite hash table entries: 512 (order: 2, 16384 bytes)
[    6.346018] NET: Registered protocol family 1
[    6.398981] pci 0000:00:00.0: Limiting direct PCI/PCI transfers
[    6.400157] pci 0000:00:01.0: Activating ISA DMA hang workarounds
[    6.432426] Trying to unpack rootfs image as initramfs...
[    6.772554] Freeing initrd memory: 14624K (f6360000 - f71a8000)
[    6.854160] RAPL PMU detected, API unit is 2^-32 Joules, 4 fixed counters 10737418240 ms ovfl timer
[    6.986580] hw unit of domain pp0-core 2^-0 Joules
[    6.987568] hw unit of domain package 2^-0 Joules
[    7.034233] hw unit of domain dram 2^-0 Joules
[    7.084355] hw unit of domain pp1-gpu 2^-0 Joules
[    7.157360] platform rtc_cmos: registered platform RTC device (no PNP device found)
[    7.194653] Scanning for low memory corruption every 60 seconds
[    7.255004] futex hash table entries: 512 (order: 3, 32768 bytes)
[    7.288084] audit: initializing netlink subsys (disabled)
[    7.345699] audit: type=2000 audit(1488433197.169:1): initialized
[    7.413697] Initialise system trusted keyring
[    7.456185] HugeTLB registered 2 MB page size, pre-allocated 0 pages
[    7.585592] zbud: loaded
[    7.633003] VFS: Disk quotas dquot_6.6.0
[    7.702808] VFS: Dquot-cache hash table entries: 1024 (order 0, 4096 bytes)
[    7.704461] squashfs: version 4.0 (2009/01/31) Phillip Lougher
[    7.706147] fuse init (API version 7.23)
[    7.765844] Key type big_key registered
[    7.833793] Allocating IMA MOK and blacklist keyrings.
[    7.943875] Key type asymmetric registered
[    7.945772] Asymmetric key parser 'x509' registered
[    7.946572] bounce: pool size: 64 pages
[    7.947267] Block layer SCSI generic (bsg) driver version 0.4 loaded (major 249)
[    7.948594] io scheduler noop registered
[    7.996106] io scheduler deadline registered (default)
[    8.044106] io scheduler cfq registered
[    8.081354] pci_hotplug: PCI Hot Plug PCI Core version: 0.5
[    8.199972] tsc: Refined TSC clocksource calibration: 2899.652 MHz
[    8.328363] clocksource: tsc: mask: 0xffffffffffffffff max_cycles: 0x29cbfa74f33, max_idle_ns: 440795280785 ns
[    8.328439] pciehp: PCI Express Hot Plug Controller Driver version: 0.4
[    8.328714] ACPI: AC Adapter [AC] (on-line)
[    8.328757] input: Power Button as /devices/LNXSYSTM:00/LNXPWRBN:00/input/input0
[    8.328759] ACPI: Power Button [PWRF]
[    8.328817] input: Sleep Button as /devices/LNXSYSTM:00/LNXSLPBN:00/input/input1
[    8.328818] ACPI: Sleep Button [SLPF]
ÿ[    8.329712] ACPI: Battery Slot [BAT0] (battery present)
[    8.329740] GHES: HEST is not enabled!
[    8.329820] isapnp: Scanning for PnP cards...
[    8.379034] Serial: 8250/16550 driver, 32 ports, IRQ sharing enabled
[    8.421310] 00:02: ttyS0 at I/O 0x3f8 (irq = 4, base_baud = 115200) is a 16550A
[    8.555291] Linux agpgart interface v0.103
[    8.613344] brd: module loaded
[    8.659296] loop: module loaded
[    8.681778] scsi host0: ata_piix
[    8.690957] scsi host1: ata_piix
[    8.691727] ata1: PATA max UDMA/33 cmd 0x1f0 ctl 0x3f6 bmdma 0xd000 irq 14
[    8.693082] ata2: PATA max UDMA/33 cmd 0x170 ctl 0x376 bmdma 0xd008 irq 15
[    8.694680] libphy: Fixed MDIO Bus: probed
[    8.695552] tun: Universal TUN/TAP device driver, 1.6
[    8.696562] tun: (C) 1999-2004 Max Krasnyansky <maxk@qualcomm.com>
[    8.697818] PPP generic driver version 2.4.2
[    8.698982] ehci_hcd: USB 2.0 'Enhanced' Host Controller (EHCI) Driver
[    8.700238] ehci-pci: EHCI PCI platform driver
[    8.701077] ehci-platform: EHCI generic platform driver
[    8.750088] ohci_hcd: USB 1.1 'Open' Host Controller (OHCI) Driver
[    8.751135] ohci-pci: OHCI PCI platform driver
[    8.752075] ohci-platform: OHCI generic platform driver
[    8.753185] uhci_hcd: USB Universal Host Controller Interface driver
[    8.754472] i8042: PNP: PS/2 Controller [PNP0303:PS2K,PNP0f03:PS2M] at 0x60,0x64 irq 1,12
[    8.756295] serio: i8042 KBD port at 0x60,0x64 irq 1
[    8.786377] isapnp: No Plug & Play device found
[    8.912825] serio: i8042 AUX port at 0x60,0x64 irq 12
[    9.012636] mousedev: PS/2 mouse device common for all mice
[    9.121792] rtc_cmos rtc_cmos: rtc core: registered rtc_cmos as rtc0
[    9.232035] rtc_cmos rtc_cmos: alarms up to one day, 114 bytes nvram
[    9.267231] i2c /dev entries driver
[    9.304621] input: AT Translated Set 2 keyboard as /devices/platform/i8042/serio0/input/input2
[    9.505908] device-mapper: uevent: version 1.0.3
[    9.566819] device-mapper: ioctl: 4.34.0-ioctl (2015-10-28) initialised: dm-devel@redhat.com
[    9.637837] platform eisa.0: Probing EISA bus 0
[    9.790445] platform eisa.0: EISA: Cannot allocate resource for mainboard
[    9.827065] platform eisa.0: Cannot allocate resource for EISA slot 1
[    9.828308] platform eisa.0: Cannot allocate resource for EISA slot 2
[    9.875913] platform eisa.0: Cannot allocate resource for EISA slot 3
[    9.931161] platform eisa.0: Cannot allocate resource for EISA slot 4
[    9.937049] platform eisa.0: Cannot allocate resource for EISA slot 5
[    9.954001] platform eisa.0: Cannot allocate resource for EISA slot 6
[    9.963563] platform eisa.0: Cannot allocate resource for EISA slot 7
[    9.977395] platform eisa.0: Cannot allocate resource for EISA slot 8
[   10.121421] platform eisa.0: EISA: Detected 0 cards
[   10.321439] cpufreq-nforce2: No nForce2 chipset.
[   10.485986] ledtrig-cpu: registered to indicate activity on CPUs
[   10.487392] NET: Registered protocol family 10
[   10.488610] NET: Registered protocol family 17
[   10.610240] Key type dns_resolver registered
[   10.771818] microcode: CPU0 sig=0x306d4, pf=0x40, revision=0x0
[   10.811885] microcode: CPU1 sig=0x306d4, pf=0x40, revision=0x0
[   11.000988] microcode: Microcode Update Driver: v2.01 <tigran@aivazian.fsnet.co.uk>, Peter Oruba
[   11.034654] Using IPI No-Shortcut mode
[   11.046225] registered taskstats version 1
[   11.055121] Loading compiled-in X.509 certificates
[   11.063830] Loaded X.509 cert 'Build time autogenerated kernel key: f18268c62406695a3f84f570b41eec854c4868ef'
[   11.127480] zswap: loaded using pool lzo/zbud
[   11.133549] Key type trusted registered
[   11.250183] Key type encrypted registered
[   11.345809] AppArmor: AppArmor sha1 policy hashing enabled
[   11.466204] ima: No TPM chip found, activating TPM-bypass!
[   11.538769] evm: HMAC attrs: 0x1
[   11.539801]   Magic number: 9:789:667
[   11.566580] rtc_cmos rtc_cmos: setting system clock to 2017-03-02 05:40:01 UTC (1488433201)
[   11.620990] BIOS EDD facility v0.16 2004-Jun-25, 0 devices found
[   11.658887] EDD information not available.
[   11.672592] Freeing unused kernel memory: 944K (c1b99000 - c1c85000)
[   11.689432] Write protecting the kernel text: 7936k
[   11.691750] Write protecting the kernel read-only data: 3168k
[   11.692956] NX-protecting the kernel data: 6400k
Loading, please [   11.708349] random: systemd-udevd: uninitialized urandom read (16 bytes read, 0 bits of entropy available)
wait...
startin[   11.708690] random: udevadm: uninitialized urandom read (16 bytes read, 0 bits of entropy available)
g version 229
[   11.708746] random: udevadm: uninitialized urandom read (16 bytes read, 0 bits of entropy available)
[   11.708884] random: udevadm: uninitialized urandom read (16 bytes read, 0 bits of entropy available)
[   11.709008] random: udevadm: uninitialized urandom read (16 bytes read, 0 bits of entropy available)
[   11.709060] random: udevadm: uninitialized urandom read (16 bytes read, 0 bits of entropy available)
[   11.709121] random: udevadm: uninitialized urandom read (16 bytes read, 0 bits of entropy available)
[   11.709166] random: udevadm: uninitialized urandom read (16 bytes read, 0 bits of entropy available)
[   11.709224] random: udevadm: uninitialized urandom read (16 bytes read, 0 bits of entropy available)
[   11.709270] random: udevadm: uninitialized urandom read (16 bytes read, 0 bits of entropy available)
[   12.212955] e1000: Intel(R) PRO/1000 Network Driver - version 7.3.21-k8-NAPI
[   12.219286] e1000: Copyright (c) 1999-2006 Intel Corporation.
[   12.225998] Fusion MPT base driver 3.04.20
[   12.254922] Copyright (c) 1999-2008 LSI Corporation
[   12.272191] Fusion MPT SPI Host driver 3.04.20
[   12.464827] input: ImExPS/2 Generic Explorer Mouse as /devices/platform/i8042/serio1/input/input4
[   12.641222] e1000 0000:00:03.0 eth0: (PCI:33MHz:32-bit) 02:ba:9d:25:04:86
[   12.905651] e1000 0000:00:03.0 eth0: Intel(R) PRO/1000 Network Connection
[   13.046751] e1000 0000:00:03.0 enp0s3: renamed from eth0
[   13.110750] mptbase: ioc0: Initiating bringup
[   13.213277] ioc0: LSI53C1030 A0: Capabilities={Initiator}
[   13.436203] scsi host2: ioc0: LSI53C1030 A0, FwRev=00000000h, Ports=1, MaxQ=256, IRQ=20
[   13.647626] scsi 2:0:0:0: Direct-Access     VBOX     HARDDISK         1.0  PQ: 0 ANSI: 5
[   13.893439] scsi target2:0:0: Beginning Domain Validation
[   13.997228] scsi target2:0:0: Domain Validation skipping write tests
[   14.155756] scsi target2:0:0: Ending Domain Validation
[   14.285890] scsi target2:0:0: asynchronous
[   14.310031] scsi 2:0:1:0: Direct-Access     VBOX     HARDDISK         1.0  PQ: 0 ANSI: 5
[   14.332149] scsi target2:0:1: Beginning Domain Validation
[   14.350935] scsi target2:0:1: Domain Validation skipping write tests
[   14.466143] scsi target2:0:1: Ending Domain Validation
[   14.596397] scsi target2:0:1: asynchronous
[   14.803223] sd 2:0:0:0: [sda] 20971520 512-byte logical blocks: (10.7 GB/10.0 GiB)
[   14.803342] sd 2:0:0:0: Attached scsi generic sg0 type 0
[   14.893711] sd 2:0:1:0: [sdb] 20480 512-byte logical blocks: (10.5 MB/10.0 MiB)
[   14.893734] sd 2:0:1:0: Attached scsi generic sg1 type 0
[   14.893971] sd 2:0:1:0: [sdb] Write Protect is off
[   14.894061] sd 2:0:1:0: [sdb] Incomplete mode parameter data
[   14.894062] sd 2:0:1:0: [sdb] Assuming drive cache: write through
[   14.896691] sd 2:0:1:0: [sdb] Attached SCSI disk
[   15.229118] floppy0: no floppy controllers found
[   15.229150] work still pending
[   15.370291] sd 2:0:0:0: [sda] Write Protect is off
[   15.399568] sd 2:0:0:0: [sda] Incomplete mode parameter data
[   15.412452] sd 2:0:0:0: [sda] Assuming drive cache: write through
[   15.433649]  sda: sda1
[   15.439070] sd 2:0:0:0: [sda] Attached SCSI disk
Begin: Loading e[   16.795673] md: linear personality registered for level -1
ssential drivers[   17.030129] md: multipath personality registered for level -4
 ... [   17.113978] md: raid0 personality registered for level 0
[   17.135430] md: raid1 personality registered for level 1
[   17.325625] raid6: mmxx1    gen()  5923 MB/s
[   17.529458] raid6: mmxx2    gen()  6250 MB/s
[   17.641149] raid6: sse1x1   gen()  3437 MB/s
[   17.721076] raid6: sse1x2   gen()  6704 MB/s
[   17.933378] raid6: sse2x1   gen() 10471 MB/s
[   18.083181] raid6: sse2x1   xor()  8147 MB/s
[   18.264979] raid6: sse2x2   gen() 12328 MB/s
[   18.465388] raid6: sse2x2   xor()  8593 MB/s
[   18.545929] raid6: using algorithm sse2x2 gen() 12328 MB/s
[   18.642839] raid6: .... xor() 8593 MB/s, rmw enabled
[   18.657871] raid6: using ssse3x1 recovery algorithm
[   18.675252] xor: automatically using best checksumming function:
[   18.745089]    avx       : 22280.000 MB/sec
[   18.772254] async_tx: api initialized (async)
[   18.917687] md: raid6 personality registered for level 6
[   19.023864] md: raid5 personality registered for level 5
[   19.151817] md: raid4 personality registered for level 4
[   19.252398] md: raid10 personality registered for level 10
done.
Begin: Running /scripts/init-premount ... done.
Begin: Mounting root file system ... Begin: Running /scripts/local-top ... done.
Begin: Running /scripts/local-premount ... [   19.312607] Btrfs loaded
Scanning for Btrfs filesystems
done.
Warning: fsck not present, so sk[   19.384471] EXT4-fs (sda1): mounted filesystem with ordered data mode. Opts: (null)
ipping root file system
done.
Begin: Running /scripts/local-bottom ... done.
Begin: Running /scripts/init-bottom ... done.
[   19.470412] systemd[1]: systemd 229 running in system mode. (+PAM +AUDIT +SELINUX +IMA +APPARMOR +SMACK +SYSVINIT +UTMP +LIBCRYPTSETUP +GCRYPT +GNUTLS +ACL +XZ -LZ4 +SECCOMP +BLKID +ELFUTILS +KMOD -IDN)
[   19.727351] systemd[1]: Detected virtualization oracle.
[   19.769625] systemd[1]: Detected architecture x86.

Welcome to [1mUbuntu 16.04.1 LTS[0m!

[   19.858634] systemd[1]: Set hostname to <ubuntu-xenial>.
[   20.077306] systemd[1]: Listening on Device-mapper event daemon FIFOs.
[[0;32m  OK  [0m] Listening on Device-mapper event daemon FIFOs.
[   20.241937] systemd[1]: Set up automount Arbitrary Executable File Formats File System Automount Point.
[[0;32m  OK  [0m] Set up automount Arbitrary Executab...ats File System Automount Point.
[   20.465739] systemd[1]: Listening on Journal Socket (/dev/log).
[[0;32m  OK  [0m] Listening on Journal Socket (/dev/log).
[   20.629859] systemd[1]: Listening on udev Control Socket.
[[0;32m  OK  [0m] Listening on udev Control Socket.
[   20.781679] systemd[1]: Created slice System Slice.
[[0;32m  OK  [0m] Created slice System Slice.
[   20.826537] systemd[1]: Listening on /dev/initctl Compatibility Named Pipe.
[[0;32m  OK  [0m] Listening on /dev/initctl Compatibility Named Pipe.
[   20.877377] systemd[1]: Listening on Journal Socket.
[[0;32m  OK  [0m] Listening on Journal Socket.
[   21.021166] systemd[1]: Mounting Huge Pages File System...
         Mounting Huge Pages File System...
[   21.129492] systemd[1]: Starting Load Kernel Modules...
[   21.153139] Loading iSCSI transport class v2.0-870.
         Startin[   21.312103] iscsi: registered transport (tcp)
g Load Kernel Modules...
[   21.445149] systemd[1]: Reached target User and Group Name Lookups.
[[0;32m  OK  [[   21.562331] iscsi: registered transport (iser)
0m] Reached target User and Group Name Lookups.
[   21.661474] systemd[1]: Mounting Debug File System...
         Mounting Debug File System...
[   21.682897] systemd[1]: Listening on udev Kernel Socket.
[[0;32m  OK  [0m] Listening on udev Kernel Socket.
[   21.721489] systemd[1]: Listening on Syslog Socket.
[[0;32m  OK  [0m] Listening on Syslog Socket.
[   21.794474] systemd[1]: Listening on Journal Audit Socket.
[[0;32m  OK  [0m] Listening on Journal Audit Socket.
[   21.921282] systemd[1]: Starting Journal Service...
[   21.922701] random: nonblocking pool is initialized
         Starting Journal Service...
[   22.061515] systemd[1]: Starting Create list of required static device nodes for the current kernel...
         Starting Create list of required st... nodes for the current kernel...
[   22.185617] systemd[1]: Started Forward Password Requests to Wall Directory Watch.
[[0;32m  OK  [0m] Started Forward Password Requests to Wall Directory Watch.
[   22.365825] systemd[1]: Listening on LVM2 metadata daemon socket.
[[0;32m  OK  [0m] Listening on LVM2 metadata daemon socket.
[   22.525454] systemd[1]: Created slice User and Session Slice.
[[0;32m  OK  [0m] Created slice User and Session Slice.
[   22.633446] systemd[1]: Reached target Slices.
[[0;32m  OK  [0m] Reached target Slices.
[   22.773900] systemd[1]: Starting Monitoring of LVM2 mirrors, snapshots etc. using dmeventd or progress polling...
         Starting Monitoring of LVM2 mirrors... dmeventd or progress polling...
[   22.945408] systemd[1]: Mounting POSIX Message Queue File System...
         Mounting POSIX Message Queue File System...
[   22.985436] systemd[1]: Created slice system-serial\x2dgetty.slice.
[[0;32m  OK  [0m] Created slice system-serial\x2dgetty.slice.
[   23.145249] systemd[1]: Starting Nameserver information manager...
         Starting Nameserver information manager...
[   23.245858] systemd[1]: Listening on LVM2 poll daemon socket.
[[0;32m  OK  [0m] Listening on LVM2 poll daemon socket.
[   23.417944] systemd[1]: Starting Uncomplicated firewall...
         Starting Uncomplicated firewall...
[   23.509832] systemd[1]: Reached target Encrypted Volumes.
[[0;32m  OK  [0m] Reached target Encrypted Volumes.
[   23.665356] systemd[1]: Reached target Swap.
[[0;32m  OK  [0m] Reached target Swap.
[   23.789391] systemd[1]: Starting Remount Root and Kernel File Systems...
[   23.793185] EXT4-fs (sda1): re-mounted. Opts: (null)
         Starting Remount Root and Kernel File Systems...
[   23.990025] systemd[1]: Starting Set console keymap...
         Starting Set console keymap...
[   24.078221] systemd[1]: Mounted Huge Pages File System.
[[0;32m  OK  [0m] Mounted Huge Pages File System.
[   24.133312] systemd[1]: Mounted POSIX Message Queue File System.
[[0;32m  OK  [0m] Mounted POSIX Message Queue File System.
[   24.257447] systemd[1]: Mounted Debug File System.
[[0;32m  OK  [0m] Mounted Debug File System.
[   24.389415] systemd[1]: Started Journal Service.
[[0;32m  OK  [0m] Started Journal Service.
[[0;32m  OK  [0m] Started Load Kernel Modules.
[[0;32m  OK  [0m] Started Create list of required sta...ce nodes for the current kernel.
[[0;32m  OK  [0m] Started Uncomplicated firewall.
[[0;32m  OK  [0m] Started Remount Root and Kernel File Systems.
[[0;32m  OK  [0m] Started Set console keymap.
[[0;32m  OK  [0m] Started Nameserver information manager.
[[0;32m  OK  [0m] Started LVM2 metadata daemon.
         Starting Load/Save Random Seed...
         Starting Initial cloud-init job (pre-networking)...
         Starting udev Coldplug all Devices...
         Starting Create Static Device Nodes in /dev...
         Starting Apply Kernel Variables...
         Mounting FUSE Control File System...
         Starting Flush Journal to Persistent Storage...
[[0;32m  OK  [0m] Mounted FUSE Control File System.
[[0;32m  OK  [0m] Started Load/Save Random Seed.
[[0;32m  OK  [0m] Started Create Static Device Nodes in /dev.
[[0;32m  OK  [0m] Started Monitoring of LVM2 mirrors,...ng dmeventd or progress polling.
[[0;32m  OK  [0m] Started Apply Kernel Variables.
[[0;32m  OK  [0m] Started udev Coldplug all Devices.
[[0;32m  OK  [0m] Started Flush Journal to Persistent Storage.
         Starting udev Kernel Device Manager...
[[0;32m  OK  [0m] Started udev Kernel Device Manager.
[[0;32m  OK  [0m] Reached target Local File Systems (Pre).
[[0;32m  OK  [0m] Reached target Local File Systems.
         Starting Set console font and keymap...
         Starting Create Volatile Files and Directories...
         Starting Tell Plymouth To Write Out Runtime Data...
         Starting LSB: AppArmor initialization...
[[0;32m  OK  [0m] Started Dispatch Password Requests to Console Directory Watch.
[[0;32m  OK  [0m] Started Create Volatile Files and Directories.
[[0;32m  OK  [0m] Started Tell Plymouth To Write Out Runtime Data.
[[0;32m  OK  [0m] Started Set console font and keymap.
[[0;32m  OK  [0m] Found device /dev/ttyS0.
[[0;32m  OK  [0m] Listening on Load/Save RF Kill Switch Status /dev/rfkill Watch.
[   21.017652] cloud-init[465]: Cloud-init v. 0.7.8 running 'init-local' at Thu, 02 Mar 2017 05:40:15 +0000. Up 20.51 seconds.
[[0;32m  OK  [0m] Created slice system-getty.slice.
         Starting Update UTMP about System Boot/Shutdown...
[[0;32m  OK  [0m] Reached target System Time Synchronized.
[[0;32m  OK  [0m] Started LSB: AppArmor initialization.
[[0;32m  OK  [0m] Started Initial cloud-init job (pre-networking).
[[0;32m  OK  [0m] Found device 82540EM Gigabit Ethern...r (PRO/1000 MT Desktop Adapter).
[[0;32m  OK  [0m] Reached target Network (Pre).
         Starting Raise network interfaces...
[[0;32m  OK  [0m] Started ifup for enp0s3.
[[0;32m  OK  [0m] Started Update UTMP about System Boot/Shutdown.
[[0;32m  OK  [0m] Started Raise network interfaces.
         Starting Initial cloud-init job (metadata service crawler)...
[[0;32m  OK  [0m] Reached target Network.
[   24.881491] cloud-init[1057]: Cloud-init v. 0.7.8 running 'init' at Thu, 02 Mar 2017 05:40:19 +0000. Up 24.31 seconds.
[   24.918024] cloud-init[1057]: ci-info: +++++++++++++++++++++++++++++++++++++Net device info+++++++++++++++++++++++++++++++++++++
[[0;32m  OK  [0m] Started Initial cloud-init job (metadata service crawler).
[[0;32m  OK  [0m] Reached target System Initialization.
         Starting Socket activation for snappy daemon.
[   24.945464] cloud-init[1057]: ci-info: +--------+------+---------------------------+---------------+-------+-------------------+
         Starting LXD - unix socket.
[   24.991218] [cloud-init[0;32m  OK  [0m[1057]: ] ci-info: | Device |  Up  |          Address          |      Mask     | Scope |     Hw-Address    |Started Daily Cleanup of Temporary Directories.

[   25.000522] cloud-init[[0;32m  OK  [0m[1057]: ci-info: +--------+------+---------------------------+---------------+-------+-------------------+
[   25.041026] cloud-init[1057]: ci-info: | enp0s3 | True |         10.0.2.15         | 255.255.255.0 |   .   | 02:ba:9d:25:04:86 |
[   25.041319] cloud-init[1057]: ci-info: | enp0s3 | True | fe80::ba:9dff:fe25:486/64 |       .       |  link | 02:ba:9d:25:04:86 |
] Started ACPI Events Check.
[   25.042756] cloud-init[1057]: ci-info: |   lo   | True |         127.0.0.1         |   255.0.0.0   |   .   |         .         |
[   25.084381] cloud-init[1057]: ci-info: |   lo   | True |          ::1/128          |       .       |  host |         .         |
[[0;32m  OK  [0m] Started Trigger resolvconf update for networkd DNS.
[   25.089772] cloud-init[1057]: ci-info: +--------+------+---------------------------+---------------+-------+-------------------+
[   25.116397] cloud-init[1057]: ci-info: +++++++++++++++++++++++++++Route IPv4 info++++++++++++++++++++++++++++
[   25.116667] cloud-init[1057]: ci-info: +-------+-------------+----------+---------------+-----------+-------+
[[0;32m  OK  [0m] Reached target Paths.
[   25.117251] cloud-init[1057]: ci-info: | Route | Destination | Gateway  |    Genmask    | Interface | Flags |
[   25.172569] cloud-init[1057]: ci-info: +-------+-------------+----------+---------------+-----------+-------+
[[0;32m  OK  [0m] Started Timer to automatically refresh installed snaps.
[   25.175309] cloud-init[1057]: ci-info: |   0   |   0.0.0.0   | 10.0.2.2 |    0.0.0.0    |   enp0s3  |   UG  |
[   25.200633] cloud-init[1057]: ci-info: |   1   |   10.0.2.0  | 0.0.0.0  | 255.255.255.0 |   enp0s3  |   U   |
[   25.201622] cloud-init[1057]: ci-info: +-------+-------------+----------+---------------+-----------+-------+
[[0;32m  OK  [0m] Listening on UUID daemon activation socket.
[[0;32m  OK  [0m] Listening on D-Bus System Message Bus Socket.
[[0;32m  OK  [0m] Started Daily apt activities.
[[0;32m  OK  [0m] Reached target Timers.
[[0;32m  OK  [0m] Listening on ACPID Listen Socket.
[[0;32m  OK  [0m] Reached target Network is Online.
         Starting iSCSI initiator daemon (iscsid)...
[[0;32m  OK  [0m] Reached target Cloud-config availability.
[[0;32m  OK  [0m] Listening on Socket activation for snappy daemon.
[[0;32m  OK  [0m] Listening on LXD - unix socket.
[[0;32m  OK  [0m] Started iSCSI initiator daemon (iscsid).
         Starting Login to default iSCSI targets...
[[0;32m  OK  [0m] Reached target Sockets.
[[0;32m  OK  [0m] Reached target Basic System.
         Starting LXD - container startup/shutdown...
[[0;32m  OK  [0m] Started Snappy daemon.
[[0;32m  OK  [0m] Started Regular background program processing daemon.
         Starting Login Service...
[[0;32m  OK  [0m] Started ACPI event daemon.
         Starting System Logging Service...
[[0;32m  OK  [0m] Started Deferred execution scheduler.
[[0;32m  OK  [0m] Started D-Bus System Message Bus.
         Starting OpenBSD Secure Shell server...
         Starting Accounts Service...
[[0;32m  OK  [0m] Started FUSE filesystem for LXC.
         Starting /etc/rc.local Compatibility...
         Starting Auto import assertions from block devices...
         Starting LSB: Record successful boot for GRUB...
         Starting LSB: MD monitoring daemon...
         Starting Apply the settings specified in cloud-config...
[[0;32m  OK  [0m] Started System Logging Service.
[[0;32m  OK  [0m] Started OpenBSD Secure Shell server.
[[0;32m  OK  [0m] Started LXD - container startup/shutdown.
[[0;32m  OK  [0m] Started /etc/rc.local Compatibility.
[[0;32m  OK  [0m] Started Auto import assertions from block devices.
[[0;32m  OK  [0m] Started Login to default iSCSI targets.
[[0;32m  OK  [0m] Started LSB: Record successful boot for GRUB.
[[0;32m  OK  [0m] Started LSB: MD monitoring daemon.
[[0;32m  OK  [0m] Started Login Service.
         Starting Authenticate and Authorize Users to Run Privileged Tasks...
[[0;32m  OK  [0m] Reached target Remote File Systems (Pre).
[[0;32m  OK  [0m] Reached target Remote File Systems.
         Starting LSB: automatic crash report generation...
         Starting LSB: VirtualBox Linux Additions...
         Starting LSB: Set the CPU Frequency Scaling governor to "ondemand"...
         Starting Permit User Sessions...
         Starting LSB: daemon to balance interrupts for SMP systems...
[[0;32m  OK  [0m] Started Permit User Sessions.
[[0;32m  OK  [0m] Started Authenticate and Authorize Users to Run Privileged Tasks.
[[0;32m  OK  [0m] Started Accounts Service.
[   26.643577] cloud-init[1173]: Cloud-init v. 0.7.8 running 'modules:config' at Thu, 02 Mar 2017 05:40:21 +0000. Up 26.52 seconds.
[[0;32m  OK  [0m] Started LSB: Set the CPU Frequency Scaling governor to "ondemand".
[[0;32m  OK  [0m] Started Apply the settings specified in cloud-config.
[[0;32m  OK  [0m] Started LSB: automatic crash report generation.
[[0;32m  OK  [0m] Started LSB: VirtualBox Linux Additions.
[[0;32m  OK  [0m] Created slice User Slice of ubuntu.
         Starting User Manager for UID 1000...
[[0;32m  OK  [0m] Started Session 1 of user ubuntu.
         Starting Terminate Plymouth Boot Screen...
         Starting Hold until boot process finishes up...
[[0;32m  OK  [0m] Started User Manager for UID 1000.
[[0;32m  OK  [0m] Started LSB: daemon to balance interrupts for SMP systems.
[[0;32m  OK  [0m] Started Terminate Plymouth Boot Screen.
[[0;32m  OK  [0m] Started Hold until boot process finishes up.
[[0;32m  OK  [0m] Started Getty on tty1.
[[0;32m  OK  [0m] Started Serial Getty on ttyS0.
[[0;32m  OK  [0m] Reached target Login Prompts.
         Starting Set console scheme...
[[0;32m  OK  [0m] Reached target Multi-User System.
[[0;32m  OK  [0m] Reached target Graphical Interface.
         Starting Update UTMP about System Runlevel Changes...
         Starting Execute cloud user/final scripts...
[[0;32m  OK  [0m] Started Set console scheme.
[[0;32m  OK  [0m] Started Update UTMP about System Runlevel Changes.
[   28.011364] cloud-init[1293]: Cloud-init v. 0.7.8 running 'modules:final' at Thu, 02 Mar 2017 05:40:22 +0000. Up 27.87 seconds.
[   28.056395] [cloud-init[0;32m  OK  [0m[1293]: ] Cloud-init v. 0.7.8 finished at Thu, 02 Mar 2017 05:40:22 +0000. Datasource DataSourceNoCloud [seed=/dev/sdb][dsmode=net].  Up 27.99 secondsStarted Execute cloud user/final scripts.

[[0;32m  OK  [0m] Reached target Cloud-init target.

Ubuntu 16.04.1 LTS ubuntu-xenial ttyS0

ubuntu-xenial login: [[0;32m  OK [         Stopping LXD - container startup/shutdown...
         Stopping System Logging Service...
         Stopping Deferred execution scheduler...
         Stopping LSB: VirtualBox Linux Additions...
         Stopping LSB: MD monitoring daemon...
         Stopping LSB: Set the CPU Frequency Scaling governor to "ondemand"...
         Stopping D-Bus System Message Bus...
         Stopping Snappy daemon...
         Stopping LSB: daemon to balance interrupts for SMP systems...
         Stopping OpenBSD Secure Shell server...
         Stopping FUSE filesystem for LXC...
         Stopping LSB: automatic crash report generation...
         Stopping Session 3 of user ubuntu.
[[0;32m  OK  [0m] Stopped Daily apt activities.
[[0;32m  OK  [0m] Stopped target System Time Synchronized.
         Stopping ACPI event daemon...
         Stopping Authenticate and Authorize Users to Run Privileged Tasks...
         Stopping LSB: Record successful boot for GRUB...
[[0;32m  OK  [0m] Unmounted /var/lib/lxcfs.
[[0;32m  OK  [0m] Stopped Snappy daemon.
[[0;32m  OK  [0m] Stopped Regular background program processing daemon.
[[0;32m  OK  [0m] Stopped ACPI event daemon.
[[0;32m  OK  [0m] Stopped System Logging Service.
[[0;32m  OK  [0m] Stopped Deferred execution scheduler.
[[0;32m  OK  [0m] Stopped OpenBSD Secure Shell server.
[[0;32m  OK  [0m] Stopped Accounts Service.
[[0;32m  OK  [0m] Stopped Authenticate and Authorize Users to Run Privileged Tasks.
[[0;32m  OK  [0m] Stopped Getty on tty1.
[[0;32m  OK  [0m] Stopped Serial Getty on ttyS0.
[[0;32m  OK  [0m] Stopped User Manager for UID 1000.
[[0;32m  OK  [0m] Stopped D-Bus System Message Bus.
[[0;32m  OK  [0m] Stopped Session 3 of user ubuntu.
[[0;32m  OK  [0m] Stopped FUSE filesystem for LXC.
[[0;32m  OK  [0m] Stopped LXD - container startup/shutdown.
[[0;32m  OK  [0m] Stopped LSB: VirtualBox Linux Additions.
[[0;32m  OK  [0m] Stopped LSB: MD monitoring daemon.
[[0;32m  OK  [0m] Stopped LSB: Set the CPU Frequency Scaling governor to "ondemand".
[[0;32m  OK  [0m] Stopped LSB: daemon to balance interrupts for SMP systems.
[[0;32m  OK  [0m] Stopped LSB: automatic crash report generation.
[[0;32m  OK  [0m] Stopped LSB: Record successful boot for GRUB.
[[0;32m  OK  [0m] Removed slice User Slice of ubuntu.
         Stopping Login Service...
[[0;32m  OK  [0m] Removed slice system-serial\x2dgetty.slice.
         Stopping Permit User Sessions...
[[0;32m  OK  [0m] Removed slice system-getty.slice.
[[0;32m  OK  [0m] Stopped /etc/rc.local Compatibility.
[[0;32m  OK  [0m] Stopped Login Service.
[[0;32m  OK  [0m] Stopped Permit User Sessions.
[[0;32m  OK  [0m] Stopped target Remote File Systems.
[[0;32m  OK  [0m] Stopped target Remote File Systems (Pre).
         Stopping Login to default iSCSI targets...
[[0;32m  OK  [0m] Stopped target User and Group Name Lookups.
[[0;32m  OK  [0m] Stopped target Basic System.
[[0;32m  OK  [0m] Stopped target Slices.
[[0;32m  OK  [0m] Removed slice User and Session Slice.
[[0;32m  OK  [0m] Stopped target Paths.
[[0;32m  OK  [0m] Stopped Trigger resolvconf update for networkd DNS.
[[0;32m  OK  [0m] Stopped Forward Password Requests to Wall Directory Watch.
[[0;32m  OK  [0m] Stopped ACPI Events Check.
[[0;32m  OK  [0m] Stopped Dispatch Password Requests to Console Directory Watch.
[[0;32m  OK  [0m] Stopped target Sockets.
[[0;32m  OK  [0m] Closed ACPID Listen Socket.
[[0;32m  OK  [0m] Closed UUID daemon activation socket.
[[0;32m  OK  [0m] Closed LXD - unix socket.
[[0;32m  OK  [0m] Closed Socket activation for snappy daemon.
[[0;32m  OK  [0m] Closed D-Bus System Message Bus Socket.
[[0;32m  OK  [0m] Closed Syslog Socket.
[[0;32m  OK  [0m] Stopped target System Initialization.
[[0;32m  OK  [0m] Stopped Create Volatile Files and Directories.
[[0;32m  OK  [0m] Stopped target Encrypted Volumes.
         Stopping Load/Save Random Seed...
[[0;32m  OK  [0m] Stopped target Swap.
[[0;32m  OK  [0m] Stopped Load/Save Random Seed.
[[0;32m  OK  [0m] Stopped Login to default iSCSI targets.
         Stopping iSCSI initiator daemon (iscsid)...
[[0;32m  OK  [0m] Stopped iSCSI initiator daemon (iscsid).
[[0;32m  OK  [0m] Stopped target Network is Online.
[[0;32m  OK  [0m] Stopped Initial cloud-init job (metadata service crawler).
[[0;32m  OK  [0m] Stopped target Network.
         Stopping Raise network interfaces...
[[0;32m  OK  [0m] Stopped Raise network interfaces.
[[0;32m  OK  [0m] Stopped target Local File Systems.
         Unmounting /run/user/1000...
         Starting Unattended Upgrades Shutdown...
         Unmounting /vagrant...
[[0;32m  OK  [0m] Stopped Apply Kernel Variables.
[[0;32m  OK  [0m] Stopped target Network (Pre).
[[0;32m  OK  [0m] Stopped Initial cloud-init job (pre-networking).
[[0;32m  OK  [0m] Stopped Load Kernel Modules.
[[0;32m  OK  [0m] Unmounted /run/user/1000.
[[0;32m  OK  [0m] Started Unattended Upgrades Shutdown.
[[0;32m  OK  [0m] Unmounted /vagrant.
[[0;32m  OK  [0m] Reached target Unmount All Filesystems.
[[0;32m  OK  [0m] Stopped target Local File Systems (Pre).
[[0;32m  OK  [0m] Stopped Create Static Device Nodes in /dev.
         Stopping Monitoring of LVM2 mirrors... dmeventd or progress polling...
[[0;32m  OK  [0m] Stopped Remount Root and Kernel File Systems.
[[0;32m  OK  [0m] Reached target Shutdown.
[  751.102366] reboot: Power down
